Copyright 1986-2022 Xilinx, Inc. All Rights Reserved. Copyright 2022-2024 Advanced Micro Devices, Inc. All Rights Reserved.
---------------------------------------------------------------------------------------------------------------------------------------------
| Tool Version : Vivado v.2024.1 (win64) Build 5076996 Wed May 22 18:37:14 MDT 2024
| Date         : Wed Sep 16 13:01:08 2026
| Host         : SRIKARVELA8715 running 64-bit major release  (build 9200)
| Command      : report_timing_summary -file C:/nlc/fpga/build/ooc_timing.rpt
| Design       : nlc_axis_top
| Device       : 7z020-clg400
| Speed File   : -1  PRODUCTION 1.12 2019-11-22
| Design State : Synthesized
---------------------------------------------------------------------------------------------------------------------------------------------

Timing Summary Report

------------------------------------------------------------------------------------------------
| Timer Settings
| --------------
------------------------------------------------------------------------------------------------

  Enable Multi Corner Analysis               :  Yes
  Enable Pessimism Removal                   :  Yes
  Pessimism Removal Resolution               :  Nearest Common Node
  Enable Input Delay Default Clock           :  No
  Enable Preset / Clear Arcs                 :  No
  Disable Flight Delays                      :  No
  Ignore I/O Paths                           :  No
  Timing Early Launch at Borrowing Latches   :  No
  Borrow Time for Max Delay Exceptions       :  Yes
  Merge Timing Exceptions                    :  Yes
  Inter-SLR Compensation                     :  Conservative

  Corner  Analyze    Analyze    
  Name    Max Paths  Min Paths  
  ------  ---------  ---------  
  Slow    Yes        Yes        
  Fast    Yes        Yes        


------------------------------------------------------------------------------------------------
| Report Methodology
| ------------------
------------------------------------------------------------------------------------------------

No report available as report_methodology has not been run prior. Run report_methodology on the current design for the summary of methodology violations.



check_timing report

Table of Contents
-----------------
1. checking no_clock (0)
2. checking constant_clock (0)
3. checking pulse_width_clock (0)
4. checking unconstrained_internal_endpoints (0)
5. checking no_input_delay (15)
6. checking no_output_delay (35)
7. checking multiple_clock (0)
8. checking generated_clocks (0)
9. checking loops (0)
10. checking partial_input_delay (0)
11. checking partial_output_delay (0)
12. checking latch_loops (0)

1. checking no_clock (0)
------------------------
 There are 0 register/latch pins with no clock.


2. checking constant_clock (0)
------------------------------
 There are 0 register/latch pins with constant_clock.


3. checking pulse_width_clock (0)
---------------------------------
 There are 0 register/latch pins which need pulse_width check


4. checking unconstrained_internal_endpoints (0)
------------------------------------------------
 There are 0 pins that are not constrained for maximum delay.

 There are 0 pins that are not constrained for maximum delay due to constant clock.


5. checking no_input_delay (15)
-------------------------------
 There are 15 input ports with no input delay specified. (HIGH)

 There are 0 input ports with no input delay but user has a false path constraint.


6. checking no_output_delay (35)
--------------------------------
 There are 35 ports with no output delay specified. (HIGH)

 There are 0 ports with no output delay but user has a false path constraint

 There are 0 ports with no output delay but with a timing clock defined on it or propagating through it


7. checking multiple_clock (0)
------------------------------
 There are 0 register/latch pins with multiple clocks.


8. checking generated_clocks (0)
--------------------------------
 There are 0 generated clocks that are not connected to a clock source.


9. checking loops (0)
---------------------
 There are 0 combinational loops in the design.


10. checking partial_input_delay (0)
------------------------------------
 There are 0 input ports with partial input delay specified.


11. checking partial_output_delay (0)
-------------------------------------
 There are 0 ports with partial output delay specified.


12. checking latch_loops (0)
----------------------------
 There are 0 combinational latch loops in the design through latch input



------------------------------------------------------------------------------------------------
| Design Timing Summary
| ---------------------
------------------------------------------------------------------------------------------------

    WNS(ns)      TNS(ns)  TNS Failing Endpoints  TNS Total Endpoints      WHS(ns)      THS(ns)  THS Failing Endpoints  THS Total Endpoints     WPWS(ns)     TPWS(ns)  TPWS Failing Endpoints  TPWS Total Endpoints  
    -------      -------  ---------------------  -------------------      -------      -------  ---------------------  -------------------     --------     --------  ----------------------  --------------------  
      4.077        0.000                      0                  183        0.265        0.000                      0                  183        4.500        0.000                       0                   108  


All user specified timing constraints are met.


------------------------------------------------------------------------------------------------
| Clock Summary
| -------------
------------------------------------------------------------------------------------------------

Clock  Waveform(ns)       Period(ns)      Frequency(MHz)
-----  ------------       ----------      --------------
aclk   {0.000 5.000}      10.000          100.000         


------------------------------------------------------------------------------------------------
| Intra Clock Table
| -----------------
------------------------------------------------------------------------------------------------

Clock             WNS(ns)      TNS(ns)  TNS Failing Endpoints  TNS Total Endpoints      WHS(ns)      THS(ns)  THS Failing Endpoints  THS Total Endpoints     WPWS(ns)     TPWS(ns)  TPWS Failing Endpoints  TPWS Total Endpoints  
-----             -------      -------  ---------------------  -------------------      -------      -------  ---------------------  -------------------     --------     --------  ----------------------  --------------------  
aclk                4.077        0.000                      0                  178        0.265        0.000                      0                  178        4.500        0.000                       0                   108  


------------------------------------------------------------------------------------------------
| Inter Clock Table
| -----------------
------------------------------------------------------------------------------------------------

From Clock    To Clock          WNS(ns)      TNS(ns)  TNS Failing Endpoints  TNS Total Endpoints      WHS(ns)      THS(ns)  THS Failing Endpoints  THS Total Endpoints  
----------    --------          -------      -------  ---------------------  -------------------      -------      -------  ---------------------  -------------------  


------------------------------------------------------------------------------------------------
| Other Path Groups Table
| -----------------------
------------------------------------------------------------------------------------------------

Path Group         From Clock         To Clock               WNS(ns)      TNS(ns)  TNS Failing Endpoints  TNS Total Endpoints      WHS(ns)      THS(ns)  THS Failing Endpoints  THS Total Endpoints  
----------         ----------         --------               -------      -------  ---------------------  -------------------      -------      -------  ---------------------  -------------------  
**async_default**  aclk               aclk                     8.495        0.000                      0                    5        0.419        0.000                      0                    5  


------------------------------------------------------------------------------------------------
| Timing Details
| --------------
------------------------------------------------------------------------------------------------


---------------------------------------------------------------------------------------------------
From Clock:  aclk
  To Clock:  aclk

Setup :            0  Failing Endpoints,  Worst Slack        4.077ns,  Total Violation        0.000ns
Hold  :            0  Failing Endpoints,  Worst Slack        0.265ns,  Total Violation        0.000ns
PW    :            0  Failing Endpoints,  Worst Slack        4.500ns,  Total Violation        0.000ns
---------------------------------------------------------------------------------------------------


Max Delay Paths
--------------------------------------------------------------------------------------
Slack (MET) :             4.077ns  (required time - arrival time)
  Source:                 u_win/q_data_reg[11]/C
                            (rising edge-triggered cell FDCE clocked by aclk  {rise@0.000ns fall@5.000ns period=10.000ns})
  Destination:            u_win/win_ev_left_reg[0]/D
                            (rising edge-triggered cell FDCE clocked by aclk  {rise@0.000ns fall@5.000ns period=10.000ns})
  Path Group:             aclk
  Path Type:              Setup (Max at Slow Process Corner)
  Requirement:            10.000ns  (aclk rise@10.000ns - aclk rise@0.000ns)
  Data Path Delay:        5.916ns  (logic 1.433ns (24.222%)  route 4.483ns (75.778%))
  Logic Levels:           6  (LUT6=6)
  Clock Path Skew:        -0.049ns (DCD - SCD + CPR)
    Destination Clock Delay (DCD):    0.924ns = ( 10.924 - 10.000 ) 
    Source Clock Delay      (SCD):    0.973ns
    Clock Pessimism Removal (CPR):    0.000ns
  Clock Uncertainty:      0.035ns  ((TSJ^2 + TIJ^2)^1/2 + DJ) / 2 + PE
    Total System Jitter     (TSJ):    0.071ns
    Total Input Jitter      (TIJ):    0.000ns
    Discrete Jitter          (DJ):    0.000ns
    Phase Error              (PE):    0.000ns

    Location             Delay type                Incr(ns)  Path(ns)    Netlist Resource(s)
  -------------------------------------------------------------------    -------------------
                         (clock aclk rise edge)       0.000     0.000 r  
                                                      0.000     0.000 r  aclk (IN)
                         net (fo=107, unset)          0.973     0.973    u_win/aclk
                         FDCE                                         r  u_win/q_data_reg[11]/C
  -------------------------------------------------------------------    -------------------
                         FDCE (Prop_fdce_C_Q)         0.518     1.491 r  u_win/q_data_reg[11]/Q
                         net (fo=5, unplaced)         0.993     2.484    u_win/q_wid[3]
                         LUT6 (Prop_lut6_I0_O)        0.295     2.779 f  u_win/s_axis_tready_INST_0_i_5/O
                         net (fo=1, unplaced)         0.449     3.228    u_win/s_axis_tready_INST_0_i_5_n_0
                         LUT6 (Prop_lut6_I1_O)        0.124     3.352 f  u_win/s_axis_tready_INST_0_i_2/O
                         net (fo=4, unplaced)         0.926     4.278    u_win/s_axis_tready_INST_0_i_2_n_0
                         LUT6 (Prop_lut6_I4_O)        0.124     4.402 f  u_win/s_axis_tready_INST_0_i_1/O
                         net (fo=23, unplaced)        0.512     4.914    u_win/s_axis_tready_INST_0_i_1_n_0
                         LUT6 (Prop_lut6_I3_O)        0.124     5.038 f  u_win/cnt_left[5]_i_2/O
                         net (fo=6, unplaced)         0.481     5.519    u_win/cnt_left[5]_i_2_n_0
                         LUT6 (Prop_lut6_I2_O)        0.124     5.643 r  u_win/win_cnt_left[6]_i_1/O
                         net (fo=2, unplaced)         1.122     6.765    u_win/rep_left[6]
                         LUT6 (Prop_lut6_I1_O)        0.124     6.889 r  u_win/win_ev_left[0]_i_1/O
                         net (fo=1, unplaced)         0.000     6.889    u_win/quantize_return[0]
                         FDCE                                         r  u_win/win_ev_left_reg[0]/D
  -------------------------------------------------------------------    -------------------

                         (clock aclk rise edge)      10.000    10.000 r  
                                                      0.000    10.000 r  aclk (IN)
                         net (fo=107, unset)          0.924    10.924    u_win/aclk
                         FDCE                                         r  u_win/win_ev_left_reg[0]/C
                         clock pessimism              0.000    10.924    
                         clock uncertainty           -0.035    10.889    
                         FDCE (Setup_fdce_C_D)        0.077    10.966    u_win/win_ev_left_reg[0]
  -------------------------------------------------------------------
                         required time                         10.966    
                         arrival time                          -6.889    
  -------------------------------------------------------------------
                         slack                                  4.077    





Min Delay Paths
--------------------------------------------------------------------------------------
Slack (MET) :             0.265ns  (arrival time - required time)
  Source:                 u_win/win_is_reset_reg/C
                            (rising edge-triggered cell FDCE clocked by aclk  {rise@0.000ns fall@5.000ns period=10.000ns})
  Destination:            fsm_rst_n_reg_inv/D
                            (rising edge-triggered cell FDPE clocked by aclk  {rise@0.000ns fall@5.000ns period=10.000ns})
  Path Group:             aclk
  Path Type:              Hold (Min at Fast Process Corner)
  Requirement:            0.000ns  (aclk rise@0.000ns - aclk rise@0.000ns)
  Data Path Delay:        0.407ns  (logic 0.262ns (64.440%)  route 0.145ns (35.560%))
  Logic Levels:           1  (LUT2=1)
  Clock Path Skew:        0.022ns (DCD - SCD - CPR)
    Destination Clock Delay (DCD):    0.432ns
    Source Clock Delay      (SCD):    0.410ns
    Clock Pessimism Removal (CPR):    -0.000ns

    Location             Delay type                Incr(ns)  Path(ns)    Netlist Resource(s)
  -------------------------------------------------------------------    -------------------
                         (clock aclk rise edge)       0.000     0.000 r  
                                                      0.000     0.000 r  aclk (IN)
                         net (fo=107, unset)          0.410     0.410    u_win/aclk
                         FDCE                                         r  u_win/win_is_reset_reg/C
  -------------------------------------------------------------------    -------------------
                         FDCE (Prop_fdce_C_Q)         0.164     0.574 r  u_win/win_is_reset_reg/Q
                         net (fo=6, unplaced)         0.145     0.719    u_win/win_is_reset
                         LUT2 (Prop_lut2_I1_O)        0.098     0.817 r  u_win/fsm_rst_n_inv_i_1/O
                         net (fo=1, unplaced)         0.000     0.817    u_win_n_36
                         FDPE                                         r  fsm_rst_n_reg_inv/D
  -------------------------------------------------------------------    -------------------

                         (clock aclk rise edge)       0.000     0.000 r  
                                                      0.000     0.000 r  aclk (IN)
                         net (fo=107, unset)          0.432     0.432    aclk
                         FDPE                                         r  fsm_rst_n_reg_inv/C
                         clock pessimism              0.000     0.432    
                         FDPE (Hold_fdpe_C_D)         0.120     0.552    fsm_rst_n_reg_inv
  -------------------------------------------------------------------
                         required time                         -0.552    
                         arrival time                           0.817    
  -------------------------------------------------------------------
                         slack                                  0.265    





Pulse Width Checks
--------------------------------------------------------------------------------------
Clock Name:         aclk
Waveform(ns):       { 0.000 5.000 }
Period(ns):         10.000
Sources:            { aclk }

Check Type        Corner  Lib Pin  Reference Pin  Required(ns)  Actual(ns)  Slack(ns)  Location  Pin
Min Period        n/a     FDCE/C   n/a            1.000         10.000      9.000                capture_pending_reg/C
Low Pulse Width   Slow    FDCE/C   n/a            0.500         5.000       4.500                capture_pending_reg/C
High Pulse Width  Slow    FDCE/C   n/a            0.500         5.000       4.500                capture_pending_reg/C



---------------------------------------------------------------------------------------------------
Path Group:  **async_default**
From Clock:  aclk
  To Clock:  aclk

Setup :            0  Failing Endpoints,  Worst Slack        8.495ns,  Total Violation        0.000ns
Hold  :            0  Failing Endpoints,  Worst Slack        0.419ns,  Total Violation        0.000ns
---------------------------------------------------------------------------------------------------


Max Delay Paths
--------------------------------------------------------------------------------------
Slack (MET) :             8.495ns  (required time - arrival time)
  Source:                 fsm_rst_n_reg_inv/C
                            (rising edge-triggered cell FDPE clocked by aclk  {rise@0.000ns fall@5.000ns period=10.000ns})
  Destination:            u_fsm/FSM_sequential_state_reg[0]/PRE
                            (recovery check against rising-edge clock aclk  {rise@0.000ns fall@5.000ns period=10.000ns})
  Path Group:             **async_default**
  Path Type:              Recovery (Max at Slow Process Corner)
  Requirement:            10.000ns  (aclk rise@10.000ns - aclk rise@0.000ns)
  Data Path Delay:        0.889ns  (logic 0.518ns (58.268%)  route 0.371ns (41.732%))
  Logic Levels:           0  
  Clock Path Skew:        -0.049ns (DCD - SCD + CPR)
    Destination Clock Delay (DCD):    0.924ns = ( 10.924 - 10.000 ) 
    Source Clock Delay      (SCD):    0.973ns
    Clock Pessimism Removal (CPR):    0.000ns
  Clock Uncertainty:      0.035ns  ((TSJ^2 + TIJ^2)^1/2 + DJ) / 2 + PE
    Total System Jitter     (TSJ):    0.071ns
    Total Input Jitter      (TIJ):    0.000ns
    Discrete Jitter          (DJ):    0.000ns
    Phase Error              (PE):    0.000ns

    Location             Delay type                Incr(ns)  Path(ns)    Netlist Resource(s)
  -------------------------------------------------------------------    -------------------
                         (clock aclk rise edge)       0.000     0.000 r  
                                                      0.000     0.000 r  aclk (IN)
                         net (fo=107, unset)          0.973     0.973    aclk
                         FDPE                                         r  fsm_rst_n_reg_inv/C
  -------------------------------------------------------------------    -------------------
                         FDPE (Prop_fdpe_C_Q)         0.518     1.491 f  fsm_rst_n_reg_inv/Q
                         net (fo=5, unplaced)         0.371     1.862    u_fsm/fsm_rst_n
                         FDPE                                         f  u_fsm/FSM_sequential_state_reg[0]/PRE
  -------------------------------------------------------------------    -------------------

                         (clock aclk rise edge)      10.000    10.000 r  
                                                      0.000    10.000 r  aclk (IN)
                         net (fo=107, unset)          0.924    10.924    u_fsm/aclk
                         FDPE                                         r  u_fsm/FSM_sequential_state_reg[0]/C
                         clock pessimism              0.000    10.924    
                         clock uncertainty           -0.035    10.889    
                         FDPE (Recov_fdpe_C_PRE)     -0.532    10.357    u_fsm/FSM_sequential_state_reg[0]
  -------------------------------------------------------------------
                         required time                         10.357    
                         arrival time                          -1.862    
  -------------------------------------------------------------------
                         slack                                  8.495    





Min Delay Paths
--------------------------------------------------------------------------------------
Slack (MET) :             0.419ns  (arrival time - required time)
  Source:                 fsm_rst_n_reg_inv/C
                            (rising edge-triggered cell FDPE clocked by aclk  {rise@0.000ns fall@5.000ns period=10.000ns})
  Destination:            u_fsm/FSM_sequential_state_reg[1]/CLR
                            (removal check against rising-edge clock aclk  {rise@0.000ns fall@5.000ns period=10.000ns})
  Path Group:             **async_default**
  Path Type:              Removal (Min at Fast Process Corner)
  Requirement:            0.000ns  (aclk rise@0.000ns - aclk rise@0.000ns)
  Data Path Delay:        0.320ns  (logic 0.164ns (51.189%)  route 0.156ns (48.811%))
  Logic Levels:           0  
  Clock Path Skew:        0.022ns (DCD - SCD - CPR)
    Destination Clock Delay (DCD):    0.432ns
    Source Clock Delay      (SCD):    0.410ns
    Clock Pessimism Removal (CPR):    -0.000ns

    Location             Delay type                Incr(ns)  Path(ns)    Netlist Resource(s)
  -------------------------------------------------------------------    -------------------
                         (clock aclk rise edge)       0.000     0.000 r  
                                                      0.000     0.000 r  aclk (IN)
                         net (fo=107, unset)          0.410     0.410    aclk
                         FDPE                                         r  fsm_rst_n_reg_inv/C
  -------------------------------------------------------------------    -------------------
                         FDPE (Prop_fdpe_C_Q)         0.164     0.574 f  fsm_rst_n_reg_inv/Q
                         net (fo=5, unplaced)         0.156     0.731    u_fsm/fsm_rst_n
                         FDCE                                         f  u_fsm/FSM_sequential_state_reg[1]/CLR
  -------------------------------------------------------------------    -------------------

                         (clock aclk rise edge)       0.000     0.000 r  
                                                      0.000     0.000 r  aclk (IN)
                         net (fo=107, unset)          0.432     0.432    u_fsm/aclk
                         FDCE                                         r  u_fsm/FSM_sequential_state_reg[1]/C
                         clock pessimism              0.000     0.432    
                         FDCE (Remov_fdce_C_CLR)     -0.120     0.312    u_fsm/FSM_sequential_state_reg[1]
  -------------------------------------------------------------------
                         required time                         -0.312    
                         arrival time                           0.731    
  -------------------------------------------------------------------
                         slack                                  0.419    





