Copyright 1986-2022 Xilinx, Inc. All Rights Reserved. Copyright 2022-2024 Advanced Micro Devices, Inc. All Rights Reserved.
---------------------------------------------------------------------------------------------------------------------------------------------
| Tool Version : Vivado v.2024.1 (win64) Build 5076996 Wed May 22 18:37:14 MDT 2024
| Date         : Wed Sep 16 13:20:50 2026
| Host         : SRIKARVELA8715 running 64-bit major release  (build 9200)
| Command      : report_utilization -hierarchical -file C:/nlc/fpga/build/utilization.rpt
| Design       : nlc_bd_wrapper
| Device       : xc7z020clg400-1
| Speed File   : -1
| Design State : Routed
---------------------------------------------------------------------------------------------------------------------------------------------

Utilization Design Information

Table of Contents
-----------------
1. Utilization by Hierarchy

1. Utilization by Hierarchy
---------------------------

+-----------------------------------------------------------------------------------+---------------------------------------------------------------------------------+------------+------------+---------+------+------+--------+--------+------------+
|                                      Instance                                     |                                      Module                                     | Total LUTs | Logic LUTs | LUTRAMs | SRLs |  FFs | RAMB36 | RAMB18 | DSP Blocks |
+-----------------------------------------------------------------------------------+---------------------------------------------------------------------------------+------------+------------+---------+------+------+--------+--------+------------+
| nlc_bd_wrapper                                                                    |                                                                           (top) |       2756 |       2538 |      18 |  200 | 3618 |      2 |      0 |          0 |
|   nlc_bd_i                                                                        |                                                                          nlc_bd |       2756 |       2538 |      18 |  200 | 3618 |      2 |      0 |          0 |
|     (nlc_bd_i)                                                                    |                                                                          nlc_bd |          0 |          0 |       0 |    0 |    0 |      0 |      0 |          0 |
|     axi_dma_0                                                                     |                                                              nlc_bd_axi_dma_0_0 |       1309 |       1207 |       8 |   94 | 1929 |      2 |      0 |          0 |
|       (axi_dma_0)                                                                 |                                                              nlc_bd_axi_dma_0_0 |          0 |          0 |       0 |    0 |    0 |      0 |      0 |          0 |
|       U0                                                                          |                                                      nlc_bd_axi_dma_0_0_axi_dma |       1309 |       1207 |       8 |   94 | 1929 |      2 |      0 |          0 |
|         INCLUDE_MM2S_SOF_EOF_GENERATOR.I_MM2S_DMA_MNGR                            |                                            nlc_bd_axi_dma_0_0_axi_dma_mm2s_mngr |         14 |         14 |       0 |    0 |   73 |      0 |      0 |          0 |
|           (INCLUDE_MM2S_SOF_EOF_GENERATOR.I_MM2S_DMA_MNGR)                        |                                            nlc_bd_axi_dma_0_0_axi_dma_mm2s_mngr |          0 |          0 |       0 |    0 |    1 |      0 |      0 |          0 |
|           GEN_MM2S_DMA_CONTROL.GEN_SIMPLE_DMA_MODE.I_MM2S_SMPL_SM                 |                                          nlc_bd_axi_dma_0_0_axi_dma_smple_sm_29 |          8 |          8 |       0 |    0 |   62 |      0 |      0 |          0 |
|           GEN_MM2S_DMA_CONTROL.I_MM2S_CMDSTS                                      |                                       nlc_bd_axi_dma_0_0_axi_dma_mm2s_cmdsts_if |          5 |          5 |       0 |    0 |    7 |      0 |      0 |          0 |
|           GEN_MM2S_DMA_CONTROL.I_MM2S_STS_MNGR                                    |                                        nlc_bd_axi_dma_0_0_axi_dma_mm2s_sts_mngr |          1 |          1 |       0 |    0 |    3 |      0 |      0 |          0 |
|         INCLUDE_S2MM_SOF_EOF_GENERATOR.I_S2MM_DMA_MNGR                            |                                            nlc_bd_axi_dma_0_0_axi_dma_s2mm_mngr |         27 |         27 |       0 |    0 |   98 |      0 |      0 |          0 |
|           (INCLUDE_S2MM_SOF_EOF_GENERATOR.I_S2MM_DMA_MNGR)                        |                                            nlc_bd_axi_dma_0_0_axi_dma_s2mm_mngr |          0 |          0 |       0 |    0 |    1 |      0 |      0 |          0 |
|           GEN_S2MM_DMA_CONTROL.GEN_SIMPLE_DMA_MODE.I_S2MM_SMPL_SM                 |                                             nlc_bd_axi_dma_0_0_axi_dma_smple_sm |          8 |          8 |       0 |    0 |   62 |      0 |      0 |          0 |
|           GEN_S2MM_DMA_CONTROL.I_S2MM_CMDSTS                                      |                                       nlc_bd_axi_dma_0_0_axi_dma_s2mm_cmdsts_if |         18 |         18 |       0 |    0 |   32 |      0 |      0 |          0 |
|           GEN_S2MM_DMA_CONTROL.I_S2MM_STS_MNGR                                    |                                        nlc_bd_axi_dma_0_0_axi_dma_s2mm_sts_mngr |          1 |          1 |       0 |    0 |    3 |      0 |      0 |          0 |
|         I_AXI_DMA_REG_MODULE                                                      |                                           nlc_bd_axi_dma_0_0_axi_dma_reg_module |        142 |        142 |       0 |    0 |  259 |      0 |      0 |          0 |
|           GEN_AXI_LITE_IF.AXI_LITE_IF_I                                           |                                              nlc_bd_axi_dma_0_0_axi_dma_lite_if |        112 |        112 |       0 |    0 |   85 |      0 |      0 |          0 |
|           GEN_MM2S_REGISTERS.I_MM2S_DMA_REGISTER                                  |                                             nlc_bd_axi_dma_0_0_axi_dma_register |         16 |         16 |       0 |    0 |   87 |      0 |      0 |          0 |
|           GEN_S2MM_REGISTERS.I_S2MM_DMA_REGISTER                                  |                                        nlc_bd_axi_dma_0_0_axi_dma_register_s2mm |         14 |         14 |       0 |    0 |   87 |      0 |      0 |          0 |
|         I_PRMRY_DATAMOVER                                                         |                                                nlc_bd_axi_dma_0_0_axi_datamover |       1111 |       1009 |       8 |   94 | 1461 |      2 |      0 |          0 |
|           GEN_MM2S_FULL.I_MM2S_FULL_WRAPPER                                       |                                 nlc_bd_axi_dma_0_0_axi_datamover_mm2s_full_wrap |        350 |        318 |       0 |   32 |  423 |      1 |      0 |          0 |
|             ENABLE_AXIS_SKID.I_MM2S_SKID_BUF                                      |                                    nlc_bd_axi_dma_0_0_axi_datamover_skid_buf_12 |         19 |         19 |       0 |    0 |   30 |      0 |      0 |          0 |
|             GEN_INCLUDE_MM2S_SF.I_RD_SF                                           |                                          nlc_bd_axi_dma_0_0_axi_datamover_rd_sf |         74 |         74 |       0 |    0 |   59 |      1 |      0 |          0 |
|               (GEN_INCLUDE_MM2S_SF.I_RD_SF)                                       |                                          nlc_bd_axi_dma_0_0_axi_datamover_rd_sf |          6 |          6 |       0 |    0 |    6 |      0 |      0 |          0 |
|               I_DATA_FIFO                                                         |                                   nlc_bd_axi_dma_0_0_axi_datamover_sfifo_autord |         63 |         63 |       0 |    0 |   47 |      1 |      0 |          0 |
|                 BLK_MEM.I_SYNC_FIFOGEN_FIFO                                       |                                                 nlc_bd_axi_dma_0_0_sync_fifo_fg |         63 |         63 |       0 |    0 |   47 |      1 |      0 |          0 |
|                   (BLK_MEM.I_SYNC_FIFOGEN_FIFO)                                   |                                                 nlc_bd_axi_dma_0_0_sync_fifo_fg |          7 |          7 |       0 |    0 |    0 |      0 |      0 |          0 |
|                   xpm_fifo_instance.xpm_fifo_sync_inst                            |                                                nlc_bd_axi_dma_0_0_xpm_fifo_sync |         56 |         56 |       0 |    0 |   47 |      1 |      0 |          0 |
|                     xpm_fifo_base_inst                                            |                                                nlc_bd_axi_dma_0_0_xpm_fifo_base |         56 |         56 |       0 |    0 |   47 |      1 |      0 |          0 |
|                       (xpm_fifo_base_inst)                                        |                                                nlc_bd_axi_dma_0_0_xpm_fifo_base |          3 |          3 |       0 |    0 |    9 |      0 |      0 |          0 |
|                       gen_fwft.rdpp1_inst                                         |                          nlc_bd_axi_dma_0_0_xpm_counter_updn__parameterized1_22 |          5 |          5 |       0 |    0 |    2 |      0 |      0 |          0 |
|                       gen_sdpram.xpm_memory_base_inst                             |                                              nlc_bd_axi_dma_0_0_xpm_memory_base |          0 |          0 |       0 |    0 |    0 |      1 |      0 |          0 |
|                       rdp_inst                                                    |                          nlc_bd_axi_dma_0_0_xpm_counter_updn__parameterized2_23 |         22 |         22 |       0 |    0 |    8 |      0 |      0 |          0 |
|                       rdpp1_inst                                                  |                          nlc_bd_axi_dma_0_0_xpm_counter_updn__parameterized3_24 |          7 |          7 |       0 |    0 |    7 |      0 |      0 |          0 |
|                       rst_d1_inst                                                 |                                          nlc_bd_axi_dma_0_0_xpm_fifo_reg_bit_25 |          1 |          1 |       0 |    0 |    1 |      0 |      0 |          0 |
|                       wrp_inst                                                    |                          nlc_bd_axi_dma_0_0_xpm_counter_updn__parameterized2_26 |         17 |         17 |       0 |    0 |    8 |      0 |      0 |          0 |
|                       wrpp1_inst                                                  |                          nlc_bd_axi_dma_0_0_xpm_counter_updn__parameterized3_27 |          6 |          6 |       0 |    0 |    7 |      0 |      0 |          0 |
|                       xpm_fifo_rst_inst                                           |                                              nlc_bd_axi_dma_0_0_xpm_fifo_rst_28 |          2 |          2 |       0 |    0 |    5 |      0 |      0 |          0 |
|               OMIT_DRE_CNTL.I_DRE_CNTL_FIFO                                       |                           nlc_bd_axi_dma_0_0_axi_datamover_fifo__parameterized3 |          5 |          5 |       0 |    0 |    6 |      0 |      0 |          0 |
|                 (OMIT_DRE_CNTL.I_DRE_CNTL_FIFO)                                   |                           nlc_bd_axi_dma_0_0_axi_datamover_fifo__parameterized3 |          1 |          1 |       0 |    0 |    2 |      0 |      0 |          0 |
|                 USE_SRL_FIFO.I_SYNC_FIFO                                          |                                   nlc_bd_axi_dma_0_0_srl_fifo_f__parameterized1 |          4 |          4 |       0 |    0 |    4 |      0 |      0 |          0 |
|                   I_SRL_FIFO_RBU_F                                                |                               nlc_bd_axi_dma_0_0_srl_fifo_rbu_f__parameterized1 |          4 |          4 |       0 |    0 |    4 |      0 |      0 |          0 |
|                     (I_SRL_FIFO_RBU_F)                                            |                               nlc_bd_axi_dma_0_0_srl_fifo_rbu_f__parameterized1 |          1 |          1 |       0 |    0 |    1 |      0 |      0 |          0 |
|                     CNTR_INCR_DECR_ADDN_F_I                                       |                                     nlc_bd_axi_dma_0_0_cntr_incr_decr_addn_f_21 |          3 |          3 |       0 |    0 |    3 |      0 |      0 |          0 |
|             I_ADDR_CNTL                                                           |                                      nlc_bd_axi_dma_0_0_axi_datamover_addr_cntl |         28 |          8 |       0 |   20 |   50 |      0 |      0 |          0 |
|               (I_ADDR_CNTL)                                                       |                                      nlc_bd_axi_dma_0_0_axi_datamover_addr_cntl |          1 |          1 |       0 |    0 |   44 |      0 |      0 |          0 |
|               GEN_ADDR_FIFO.I_ADDR_QUAL_FIFO                                      |                        nlc_bd_axi_dma_0_0_axi_datamover_fifo__parameterized1_16 |         27 |          7 |       0 |   20 |    6 |      0 |      0 |          0 |
|                 (GEN_ADDR_FIFO.I_ADDR_QUAL_FIFO)                                  |                        nlc_bd_axi_dma_0_0_axi_datamover_fifo__parameterized1_16 |          1 |          1 |       0 |    0 |    2 |      0 |      0 |          0 |
|                 USE_SRL_FIFO.I_SYNC_FIFO                                          |                                                nlc_bd_axi_dma_0_0_srl_fifo_f_17 |         26 |          6 |       0 |   20 |    4 |      0 |      0 |          0 |
|                   I_SRL_FIFO_RBU_F                                                |                                            nlc_bd_axi_dma_0_0_srl_fifo_rbu_f_18 |         26 |          6 |       0 |   20 |    4 |      0 |      0 |          0 |
|                     (I_SRL_FIFO_RBU_F)                                            |                                            nlc_bd_axi_dma_0_0_srl_fifo_rbu_f_18 |          0 |          0 |       0 |    0 |    1 |      0 |      0 |          0 |
|                     CNTR_INCR_DECR_ADDN_F_I                                       |                                     nlc_bd_axi_dma_0_0_cntr_incr_decr_addn_f_19 |          4 |          4 |       0 |    0 |    3 |      0 |      0 |          0 |
|                     DYNSHREG_F_I                                                  |                                                nlc_bd_axi_dma_0_0_dynshreg_f_20 |         22 |          2 |       0 |   20 |    0 |      0 |      0 |          0 |
|             I_CMD_STATUS                                                          |                                     nlc_bd_axi_dma_0_0_axi_datamover_cmd_status |         13 |         13 |       0 |    0 |   68 |      0 |      0 |          0 |
|               GEN_INCLUDE_STATUS_FIFO.I_STS_FIFO                                  |                           nlc_bd_axi_dma_0_0_axi_datamover_fifo__parameterized0 |          7 |          7 |       0 |    0 |    6 |      0 |      0 |          0 |
|               I_CMD_FIFO                                                          |                                        nlc_bd_axi_dma_0_0_axi_datamover_fifo_15 |          6 |          6 |       0 |    0 |   62 |      0 |      0 |          0 |
|             I_MSTR_PCC                                                            |                                            nlc_bd_axi_dma_0_0_axi_datamover_pcc |        160 |        160 |       0 |    0 |  165 |      0 |      0 |          0 |
|               (I_MSTR_PCC)                                                        |                                            nlc_bd_axi_dma_0_0_axi_datamover_pcc |        159 |        159 |       0 |    0 |  165 |      0 |      0 |          0 |
|               I_STRT_STRB_GEN                                                     |                                      nlc_bd_axi_dma_0_0_axi_datamover_strb_gen2 |          1 |          1 |       0 |    0 |    0 |      0 |      0 |          0 |
|             I_RD_DATA_CNTL                                                        |                                    nlc_bd_axi_dma_0_0_axi_datamover_rddata_cntl |         54 |         42 |       0 |   12 |   43 |      0 |      0 |          0 |
|               (I_RD_DATA_CNTL)                                                    |                                    nlc_bd_axi_dma_0_0_axi_datamover_rddata_cntl |         21 |         21 |       0 |    0 |   37 |      0 |      0 |          0 |
|               GEN_DATA_CNTL_FIFO.I_DATA_CNTL_FIFO                                 |                           nlc_bd_axi_dma_0_0_axi_datamover_fifo__parameterized2 |         33 |         21 |       0 |   12 |    6 |      0 |      0 |          0 |
|                 (GEN_DATA_CNTL_FIFO.I_DATA_CNTL_FIFO)                             |                           nlc_bd_axi_dma_0_0_axi_datamover_fifo__parameterized2 |          1 |          1 |       0 |    0 |    2 |      0 |      0 |          0 |
|                 USE_SRL_FIFO.I_SYNC_FIFO                                          |                                   nlc_bd_axi_dma_0_0_srl_fifo_f__parameterized0 |         32 |         20 |       0 |   12 |    4 |      0 |      0 |          0 |
|                   I_SRL_FIFO_RBU_F                                                |                               nlc_bd_axi_dma_0_0_srl_fifo_rbu_f__parameterized0 |         32 |         20 |       0 |   12 |    4 |      0 |      0 |          0 |
|                     (I_SRL_FIFO_RBU_F)                                            |                               nlc_bd_axi_dma_0_0_srl_fifo_rbu_f__parameterized0 |          1 |          1 |       0 |    0 |    1 |      0 |      0 |          0 |
|                     CNTR_INCR_DECR_ADDN_F_I                                       |                                     nlc_bd_axi_dma_0_0_cntr_incr_decr_addn_f_14 |         14 |         14 |       0 |    0 |    3 |      0 |      0 |          0 |
|                     DYNSHREG_F_I                                                  |                                   nlc_bd_axi_dma_0_0_dynshreg_f__parameterized0 |         18 |          6 |       0 |   12 |    0 |      0 |      0 |          0 |
|             I_RD_STATUS_CNTLR                                                     |                                 nlc_bd_axi_dma_0_0_axi_datamover_rd_status_cntl |          1 |          1 |       0 |    0 |    5 |      0 |      0 |          0 |
|             I_RESET                                                               |                                       nlc_bd_axi_dma_0_0_axi_datamover_reset_13 |          2 |          2 |       0 |    0 |    3 |      0 |      0 |          0 |
|           GEN_S2MM_FULL.I_S2MM_FULL_WRAPPER                                       |                                 nlc_bd_axi_dma_0_0_axi_datamover_s2mm_full_wrap |        761 |        691 |       8 |   62 | 1038 |      1 |      0 |          0 |
|             ENABLE_AXIS_SKID.I_S2MM_STRM_SKID_BUF                                 |                                       nlc_bd_axi_dma_0_0_axi_datamover_skid_buf |         44 |         44 |       0 |    0 |   80 |      0 |      0 |          0 |
|             GEN_ENABLE_INDET_BTT_SF.I_INDET_BTT                                   |                                      nlc_bd_axi_dma_0_0_axi_datamover_indet_btt |        165 |        157 |       8 |    0 |  193 |      1 |      0 |          0 |
|               (GEN_ENABLE_INDET_BTT_SF.I_INDET_BTT)                               |                                      nlc_bd_axi_dma_0_0_axi_datamover_indet_btt |          6 |          6 |       0 |    0 |   14 |      0 |      0 |          0 |
|               ENABLE_AXIS_SKID.I_INDET_BTT_SKID_BUF                               |                       nlc_bd_axi_dma_0_0_axi_datamover_skid_buf__parameterized0 |         48 |         48 |       0 |    0 |   86 |      0 |      0 |          0 |
|               I_DATA_FIFO                                                         |                   nlc_bd_axi_dma_0_0_axi_datamover_sfifo_autord__parameterized1 |         45 |         45 |       0 |    0 |   39 |      1 |      0 |          0 |
|                 BLK_MEM.I_SYNC_FIFOGEN_FIFO                                       |                                 nlc_bd_axi_dma_0_0_sync_fifo_fg__parameterized1 |         45 |         45 |       0 |    0 |   39 |      1 |      0 |          0 |
|                   (BLK_MEM.I_SYNC_FIFOGEN_FIFO)                                   |                                 nlc_bd_axi_dma_0_0_sync_fifo_fg__parameterized1 |          4 |          4 |       0 |    0 |    0 |      0 |      0 |          0 |
|                   xpm_fifo_instance.xpm_fifo_sync_inst                            |                                nlc_bd_axi_dma_0_0_xpm_fifo_sync__parameterized3 |         41 |         41 |       0 |    0 |   39 |      1 |      0 |          0 |
|                     xpm_fifo_base_inst                                            |                                nlc_bd_axi_dma_0_0_xpm_fifo_base__parameterized1 |         41 |         41 |       0 |    0 |   39 |      1 |      0 |          0 |
|                       (xpm_fifo_base_inst)                                        |                                nlc_bd_axi_dma_0_0_xpm_fifo_base__parameterized1 |          3 |          3 |       0 |    0 |    5 |      0 |      0 |          0 |
|                       gen_sdpram.xpm_memory_base_inst                             |                              nlc_bd_axi_dma_0_0_xpm_memory_base__parameterized1 |          0 |          0 |       0 |    0 |    0 |      1 |      0 |          0 |
|                       rdp_inst                                                    |                             nlc_bd_axi_dma_0_0_xpm_counter_updn__parameterized2 |         14 |         14 |       0 |    0 |    7 |      0 |      0 |          0 |
|                       rdpp1_inst                                                  |                             nlc_bd_axi_dma_0_0_xpm_counter_updn__parameterized3 |          7 |          7 |       0 |    0 |    7 |      0 |      0 |          0 |
|                       rst_d1_inst                                                 |                                           nlc_bd_axi_dma_0_0_xpm_fifo_reg_bit_8 |          1 |          1 |       0 |    0 |    1 |      0 |      0 |          0 |
|                       wrp_inst                                                    |                           nlc_bd_axi_dma_0_0_xpm_counter_updn__parameterized2_9 |         10 |         10 |       0 |    0 |    7 |      0 |      0 |          0 |
|                       wrpp1_inst                                                  |                          nlc_bd_axi_dma_0_0_xpm_counter_updn__parameterized3_10 |          6 |          6 |       0 |    0 |    7 |      0 |      0 |          0 |
|                       xpm_fifo_rst_inst                                           |                                              nlc_bd_axi_dma_0_0_xpm_fifo_rst_11 |          2 |          2 |       0 |    0 |    5 |      0 |      0 |          0 |
|               I_XD_FIFO                                                           |                   nlc_bd_axi_dma_0_0_axi_datamover_sfifo_autord__parameterized0 |         66 |         58 |       8 |    0 |   54 |      0 |      0 |          0 |
|                 NON_BLK_MEM.I_SYNC_FIFOGEN_FIFO                                   |                                 nlc_bd_axi_dma_0_0_sync_fifo_fg__parameterized0 |         66 |         58 |       8 |    0 |   54 |      0 |      0 |          0 |
|                   (NON_BLK_MEM.I_SYNC_FIFOGEN_FIFO)                               |                                 nlc_bd_axi_dma_0_0_sync_fifo_fg__parameterized0 |         22 |         22 |       0 |    0 |    0 |      0 |      0 |          0 |
|                   xpm_fifo_instance.xpm_fifo_sync_inst                            |                                nlc_bd_axi_dma_0_0_xpm_fifo_sync__parameterized1 |         44 |         36 |       8 |    0 |   54 |      0 |      0 |          0 |
|                     xpm_fifo_base_inst                                            |                                nlc_bd_axi_dma_0_0_xpm_fifo_base__parameterized0 |         44 |         36 |       8 |    0 |   54 |      0 |      0 |          0 |
|                       (xpm_fifo_base_inst)                                        |                                nlc_bd_axi_dma_0_0_xpm_fifo_base__parameterized0 |          3 |          3 |       0 |    0 |   10 |      0 |      0 |          0 |
|                       gen_fwft.rdpp1_inst                                         |                             nlc_bd_axi_dma_0_0_xpm_counter_updn__parameterized1 |          4 |          4 |       0 |    0 |    2 |      0 |      0 |          0 |
|                       gen_sdpram.xpm_memory_base_inst                             |                              nlc_bd_axi_dma_0_0_xpm_memory_base__parameterized0 |          8 |          0 |       8 |    0 |   18 |      0 |      0 |          0 |
|                       rdp_inst                                                    |                             nlc_bd_axi_dma_0_0_xpm_counter_updn__parameterized6 |         11 |         11 |       0 |    0 |    5 |      0 |      0 |          0 |
|                       rdpp1_inst                                                  |                             nlc_bd_axi_dma_0_0_xpm_counter_updn__parameterized7 |          3 |          3 |       0 |    0 |    4 |      0 |      0 |          0 |
|                       rst_d1_inst                                                 |                                             nlc_bd_axi_dma_0_0_xpm_fifo_reg_bit |          1 |          1 |       0 |    0 |    1 |      0 |      0 |          0 |
|                       wrp_inst                                                    |                           nlc_bd_axi_dma_0_0_xpm_counter_updn__parameterized6_6 |         10 |         10 |       0 |    0 |    5 |      0 |      0 |          0 |
|                       wrpp1_inst                                                  |                           nlc_bd_axi_dma_0_0_xpm_counter_updn__parameterized7_7 |          3 |          3 |       0 |    0 |    4 |      0 |      0 |          0 |
|                       xpm_fifo_rst_inst                                           |                                                 nlc_bd_axi_dma_0_0_xpm_fifo_rst |          2 |          2 |       0 |    0 |    5 |      0 |      0 |          0 |
|             GEN_INCLUDE_IBTTCC.I_S2MM_MSTR_IBTTCC                                 |                                         nlc_bd_axi_dma_0_0_axi_datamover_ibttcc |        145 |        145 |       0 |    0 |  242 |      0 |      0 |          0 |
|             GEN_INCLUDE_REALIGNER.I_S2MM_REALIGNER                                |                                   nlc_bd_axi_dma_0_0_axi_datamover_s2mm_realign |        201 |        182 |       0 |   19 |  183 |      0 |      0 |          0 |
|               (GEN_INCLUDE_REALIGNER.I_S2MM_REALIGNER)                            |                                   nlc_bd_axi_dma_0_0_axi_datamover_s2mm_realign |          1 |          1 |       0 |    0 |    7 |      0 |      0 |          0 |
|               GEN_INCLUDE_SCATTER.I_S2MM_SCATTER                                  |                                   nlc_bd_axi_dma_0_0_axi_datamover_s2mm_scatter |        173 |        168 |       0 |    5 |  170 |      0 |      0 |          0 |
|                 (GEN_INCLUDE_SCATTER.I_S2MM_SCATTER)                              |                                   nlc_bd_axi_dma_0_0_axi_datamover_s2mm_scatter |         71 |         71 |       0 |    0 |   65 |      0 |      0 |          0 |
|                 I_MSSAI_SKID_BUF                                                  |                                 nlc_bd_axi_dma_0_0_axi_datamover_mssai_skid_buf |         59 |         59 |       0 |    0 |   83 |      0 |      0 |          0 |
|                 I_TSTRB_FIFO                                                      |                           nlc_bd_axi_dma_0_0_axi_datamover_fifo__parameterized8 |         24 |         19 |       0 |    5 |   10 |      0 |      0 |          0 |
|                   (I_TSTRB_FIFO)                                                  |                           nlc_bd_axi_dma_0_0_axi_datamover_fifo__parameterized8 |          2 |          2 |       0 |    0 |    4 |      0 |      0 |          0 |
|                   USE_SRL_FIFO.I_SYNC_FIFO                                        |                                   nlc_bd_axi_dma_0_0_srl_fifo_f__parameterized5 |         22 |         17 |       0 |    5 |    6 |      0 |      0 |          0 |
|                     I_SRL_FIFO_RBU_F                                              |                               nlc_bd_axi_dma_0_0_srl_fifo_rbu_f__parameterized5 |         22 |         17 |       0 |    5 |    6 |      0 |      0 |          0 |
|                       (I_SRL_FIFO_RBU_F)                                          |                               nlc_bd_axi_dma_0_0_srl_fifo_rbu_f__parameterized5 |          0 |          0 |       0 |    0 |    1 |      0 |      0 |          0 |
|                       CNTR_INCR_DECR_ADDN_F_I                                     |                        nlc_bd_axi_dma_0_0_cntr_incr_decr_addn_f__parameterized1 |          8 |          8 |       0 |    0 |    5 |      0 |      0 |          0 |
|                       DYNSHREG_F_I                                                |                                   nlc_bd_axi_dma_0_0_dynshreg_f__parameterized5 |         14 |          9 |       0 |    5 |    0 |      0 |      0 |          0 |
|                 SLICE_INSERTION                                                   |                                          nlc_bd_axi_dma_0_0_axi_datamover_slice |         21 |         21 |       0 |    0 |   12 |      0 |      0 |          0 |
|               I_DRE_CNTL_FIFO                                                     |                           nlc_bd_axi_dma_0_0_axi_datamover_fifo__parameterized7 |         27 |         13 |       0 |   14 |    6 |      0 |      0 |          0 |
|                 (I_DRE_CNTL_FIFO)                                                 |                           nlc_bd_axi_dma_0_0_axi_datamover_fifo__parameterized7 |          1 |          1 |       0 |    0 |    2 |      0 |      0 |          0 |
|                 USE_SRL_FIFO.I_SYNC_FIFO                                          |                                   nlc_bd_axi_dma_0_0_srl_fifo_f__parameterized4 |         26 |         12 |       0 |   14 |    4 |      0 |      0 |          0 |
|                   I_SRL_FIFO_RBU_F                                                |                               nlc_bd_axi_dma_0_0_srl_fifo_rbu_f__parameterized4 |         26 |         12 |       0 |   14 |    4 |      0 |      0 |          0 |
|                     (I_SRL_FIFO_RBU_F)                                            |                               nlc_bd_axi_dma_0_0_srl_fifo_rbu_f__parameterized4 |          0 |          0 |       0 |    0 |    1 |      0 |      0 |          0 |
|                     CNTR_INCR_DECR_ADDN_F_I                                       |                                      nlc_bd_axi_dma_0_0_cntr_incr_decr_addn_f_5 |          5 |          5 |       0 |    0 |    3 |      0 |      0 |          0 |
|                     DYNSHREG_F_I                                                  |                                   nlc_bd_axi_dma_0_0_dynshreg_f__parameterized4 |         21 |          7 |       0 |   14 |    0 |      0 |      0 |          0 |
|             I_ADDR_CNTL                                                           |                      nlc_bd_axi_dma_0_0_axi_datamover_addr_cntl__parameterized0 |         30 |         10 |       0 |   20 |   50 |      0 |      0 |          0 |
|               (I_ADDR_CNTL)                                                       |                      nlc_bd_axi_dma_0_0_axi_datamover_addr_cntl__parameterized0 |          2 |          2 |       0 |    0 |   44 |      0 |      0 |          0 |
|               GEN_ADDR_FIFO.I_ADDR_QUAL_FIFO                                      |                           nlc_bd_axi_dma_0_0_axi_datamover_fifo__parameterized1 |         28 |          8 |       0 |   20 |    6 |      0 |      0 |          0 |
|                 (GEN_ADDR_FIFO.I_ADDR_QUAL_FIFO)                                  |                           nlc_bd_axi_dma_0_0_axi_datamover_fifo__parameterized1 |          1 |          1 |       0 |    0 |    2 |      0 |      0 |          0 |
|                 USE_SRL_FIFO.I_SYNC_FIFO                                          |                                                   nlc_bd_axi_dma_0_0_srl_fifo_f |         27 |          7 |       0 |   20 |    4 |      0 |      0 |          0 |
|                   I_SRL_FIFO_RBU_F                                                |                                               nlc_bd_axi_dma_0_0_srl_fifo_rbu_f |         27 |          7 |       0 |   20 |    4 |      0 |      0 |          0 |
|                     (I_SRL_FIFO_RBU_F)                                            |                                               nlc_bd_axi_dma_0_0_srl_fifo_rbu_f |          0 |          0 |       0 |    0 |    1 |      0 |      0 |          0 |
|                     CNTR_INCR_DECR_ADDN_F_I                                       |                                      nlc_bd_axi_dma_0_0_cntr_incr_decr_addn_f_4 |          5 |          5 |       0 |    0 |    3 |      0 |      0 |          0 |
|                     DYNSHREG_F_I                                                  |                                                   nlc_bd_axi_dma_0_0_dynshreg_f |         22 |          2 |       0 |   20 |    0 |      0 |      0 |          0 |
|             I_CMD_STATUS                                                          |                     nlc_bd_axi_dma_0_0_axi_datamover_cmd_status__parameterized0 |         22 |         22 |       0 |    0 |   92 |      0 |      0 |          0 |
|               GEN_INCLUDE_STATUS_FIFO.I_STS_FIFO                                  |                           nlc_bd_axi_dma_0_0_axi_datamover_fifo__parameterized4 |         16 |         16 |       0 |    0 |   31 |      0 |      0 |          0 |
|               I_CMD_FIFO                                                          |                                           nlc_bd_axi_dma_0_0_axi_datamover_fifo |          6 |          6 |       0 |    0 |   61 |      0 |      0 |          0 |
|             I_RESET                                                               |                                          nlc_bd_axi_dma_0_0_axi_datamover_reset |          3 |          3 |       0 |    0 |    3 |      0 |      0 |          0 |
|             I_S2MM_MMAP_SKID_BUF                                                  |                                    nlc_bd_axi_dma_0_0_axi_datamover_skid2mm_buf |         34 |         34 |       0 |    0 |   78 |      0 |      0 |          0 |
|             I_WR_DATA_CNTL                                                        |                                    nlc_bd_axi_dma_0_0_axi_datamover_wrdata_cntl |         74 |         67 |       0 |    7 |   59 |      0 |      0 |          0 |
|               (I_WR_DATA_CNTL)                                                    |                                    nlc_bd_axi_dma_0_0_axi_datamover_wrdata_cntl |         43 |         43 |       0 |    0 |   53 |      0 |      0 |          0 |
|               GEN_DATA_CNTL_FIFO.I_DATA_CNTL_FIFO                                 |                           nlc_bd_axi_dma_0_0_axi_datamover_fifo__parameterized9 |         31 |         24 |       0 |    7 |    6 |      0 |      0 |          0 |
|                 (GEN_DATA_CNTL_FIFO.I_DATA_CNTL_FIFO)                             |                           nlc_bd_axi_dma_0_0_axi_datamover_fifo__parameterized9 |          1 |          1 |       0 |    0 |    2 |      0 |      0 |          0 |
|                 USE_SRL_FIFO.I_SYNC_FIFO                                          |                                   nlc_bd_axi_dma_0_0_srl_fifo_f__parameterized6 |         30 |         23 |       0 |    7 |    4 |      0 |      0 |          0 |
|                   I_SRL_FIFO_RBU_F                                                |                               nlc_bd_axi_dma_0_0_srl_fifo_rbu_f__parameterized6 |         30 |         23 |       0 |    7 |    4 |      0 |      0 |          0 |
|                     (I_SRL_FIFO_RBU_F)                                            |                               nlc_bd_axi_dma_0_0_srl_fifo_rbu_f__parameterized6 |          1 |          1 |       0 |    0 |    1 |      0 |      0 |          0 |
|                     CNTR_INCR_DECR_ADDN_F_I                                       |                                        nlc_bd_axi_dma_0_0_cntr_incr_decr_addn_f |         14 |         14 |       0 |    0 |    3 |      0 |      0 |          0 |
|                     DYNSHREG_F_I                                                  |                                   nlc_bd_axi_dma_0_0_dynshreg_f__parameterized6 |         16 |          9 |       0 |    7 |    0 |      0 |      0 |          0 |
|             I_WR_STATUS_CNTLR                                                     |                                 nlc_bd_axi_dma_0_0_axi_datamover_wr_status_cntl |         57 |         41 |       0 |   16 |   58 |      0 |      0 |          0 |
|               (I_WR_STATUS_CNTLR)                                                 |                                 nlc_bd_axi_dma_0_0_axi_datamover_wr_status_cntl |          8 |          8 |       0 |    0 |   43 |      0 |      0 |          0 |
|               GEN_ENABLE_INDET_BTT.I_SF_DATA_CNTL_STATUS_FIFO                     |                           nlc_bd_axi_dma_0_0_axi_datamover_fifo__parameterized6 |         30 |         16 |       0 |   14 |    7 |      0 |      0 |          0 |
|                 (GEN_ENABLE_INDET_BTT.I_SF_DATA_CNTL_STATUS_FIFO)                 |                           nlc_bd_axi_dma_0_0_axi_datamover_fifo__parameterized6 |          1 |          1 |       0 |    0 |    2 |      0 |      0 |          0 |
|                 USE_SRL_FIFO.I_SYNC_FIFO                                          |                                   nlc_bd_axi_dma_0_0_srl_fifo_f__parameterized3 |         29 |         15 |       0 |   14 |    5 |      0 |      0 |          0 |
|                   I_SRL_FIFO_RBU_F                                                |                               nlc_bd_axi_dma_0_0_srl_fifo_rbu_f__parameterized3 |         29 |         15 |       0 |   14 |    5 |      0 |      0 |          0 |
|                     (I_SRL_FIFO_RBU_F)                                            |                               nlc_bd_axi_dma_0_0_srl_fifo_rbu_f__parameterized3 |          1 |          1 |       0 |    0 |    1 |      0 |      0 |          0 |
|                     CNTR_INCR_DECR_ADDN_F_I                                       |                      nlc_bd_axi_dma_0_0_cntr_incr_decr_addn_f__parameterized0_3 |          5 |          5 |       0 |    0 |    4 |      0 |      0 |          0 |
|                     DYNSHREG_F_I                                                  |                                   nlc_bd_axi_dma_0_0_dynshreg_f__parameterized3 |         23 |          9 |       0 |   14 |    0 |      0 |      0 |          0 |
|               I_WRESP_STATUS_FIFO                                                 |                           nlc_bd_axi_dma_0_0_axi_datamover_fifo__parameterized5 |         19 |         17 |       0 |    2 |    8 |      0 |      0 |          0 |
|                 (I_WRESP_STATUS_FIFO)                                             |                           nlc_bd_axi_dma_0_0_axi_datamover_fifo__parameterized5 |          5 |          5 |       0 |    0 |    3 |      0 |      0 |          0 |
|                 USE_SRL_FIFO.I_SYNC_FIFO                                          |                                   nlc_bd_axi_dma_0_0_srl_fifo_f__parameterized2 |         14 |         12 |       0 |    2 |    5 |      0 |      0 |          0 |
|                   I_SRL_FIFO_RBU_F                                                |                               nlc_bd_axi_dma_0_0_srl_fifo_rbu_f__parameterized2 |         14 |         12 |       0 |    2 |    5 |      0 |      0 |          0 |
|                     (I_SRL_FIFO_RBU_F)                                            |                               nlc_bd_axi_dma_0_0_srl_fifo_rbu_f__parameterized2 |          5 |          5 |       0 |    0 |    1 |      0 |      0 |          0 |
|                     CNTR_INCR_DECR_ADDN_F_I                                       |                        nlc_bd_axi_dma_0_0_cntr_incr_decr_addn_f__parameterized0 |          6 |          6 |       0 |    0 |    4 |      0 |      0 |          0 |
|                     DYNSHREG_F_I                                                  |                                   nlc_bd_axi_dma_0_0_dynshreg_f__parameterized2 |          4 |          2 |       0 |    2 |    0 |      0 |      0 |          0 |
|         I_RST_MODULE                                                              |                                           nlc_bd_axi_dma_0_0_axi_dma_rst_module |         16 |         16 |       0 |    0 |   38 |      0 |      0 |          0 |
|           (I_RST_MODULE)                                                          |                                           nlc_bd_axi_dma_0_0_axi_dma_rst_module |          1 |          1 |       0 |    0 |    2 |      0 |      0 |          0 |
|           GEN_RESET_FOR_MM2S.RESET_I                                              |                                                nlc_bd_axi_dma_0_0_axi_dma_reset |          9 |          9 |       0 |    0 |   15 |      0 |      0 |          0 |
|           GEN_RESET_FOR_S2MM.RESET_I                                              |                                              nlc_bd_axi_dma_0_0_axi_dma_reset_1 |          7 |          7 |       0 |    0 |   13 |      0 |      0 |          0 |
|           REG_HRD_RST                                                             |                                                     nlc_bd_axi_dma_0_0_cdc_sync |          0 |          0 |       0 |    0 |    4 |      0 |      0 |          0 |
|           REG_HRD_RST_OUT                                                         |                                                   nlc_bd_axi_dma_0_0_cdc_sync_2 |          0 |          0 |       0 |    0 |    4 |      0 |      0 |          0 |
|     axi_mem_intercon                                                              |                                                       nlc_bd_axi_mem_intercon_0 |        953 |        897 |      10 |   46 | 1102 |      0 |      0 |          0 |
|       m00_couplers                                                                |                                                        m00_couplers_imp_1CDZJS2 |        334 |        324 |      10 |    0 |  384 |      0 |      0 |          0 |
|         auto_pc                                                                   |                                                                nlc_bd_auto_pc_1 |        334 |        324 |      10 |    0 |  384 |      0 |      0 |          0 |
|           (auto_pc)                                                               |                                                                nlc_bd_auto_pc_1 |          0 |          0 |       0 |    0 |    0 |      0 |      0 |          0 |
|           inst                                                                    |          nlc_bd_auto_pc_1_axi_protocol_converter_v2_1_31_axi_protocol_converter |        334 |        324 |      10 |    0 |  384 |      0 |      0 |          0 |
|             gen_axi4_axi3.axi3_conv_inst                                          |                       nlc_bd_auto_pc_1_axi_protocol_converter_v2_1_31_axi3_conv |        334 |        324 |      10 |    0 |  384 |      0 |      0 |          0 |
|               USE_READ.USE_SPLIT_R.read_addr_inst                                 |     nlc_bd_auto_pc_1_axi_protocol_converter_v2_1_31_a_axi3_conv__parameterized0 |        132 |        130 |       2 |    0 |  151 |      0 |      0 |          0 |
|                 (USE_READ.USE_SPLIT_R.read_addr_inst)                             |     nlc_bd_auto_pc_1_axi_protocol_converter_v2_1_31_a_axi3_conv__parameterized0 |         86 |         86 |       0 |    0 |  113 |      0 |      0 |          0 |
|                 USE_R_CHANNEL.cmd_queue                                           |                nlc_bd_auto_pc_1_axi_data_fifo_v2_1_30_axic_fifo__parameterized0 |         47 |         45 |       2 |    0 |   38 |      0 |      0 |          0 |
|                   inst                                                            |                 nlc_bd_auto_pc_1_axi_data_fifo_v2_1_30_fifo_gen__parameterized0 |         47 |         45 |       2 |    0 |   38 |      0 |      0 |          0 |
|                     (inst)                                                        |                 nlc_bd_auto_pc_1_axi_data_fifo_v2_1_30_fifo_gen__parameterized0 |         19 |         19 |       0 |    0 |    0 |      0 |      0 |          0 |
|                     fifo_gen_inst                                                 |                        nlc_bd_auto_pc_1_fifo_generator_v13_2_10__parameterized0 |         28 |         26 |       2 |    0 |   38 |      0 |      0 |          0 |
|                       inst_fifo_gen                                               |                  nlc_bd_auto_pc_1_fifo_generator_v13_2_10_synth__parameterized0 |         28 |         26 |       2 |    0 |   38 |      0 |      0 |          0 |
|                         gconvfifo.rf                                              |                             nlc_bd_auto_pc_1_fifo_generator_top__parameterized0 |         28 |         26 |       2 |    0 |   38 |      0 |      0 |          0 |
|                           grf.rf                                                  |                         nlc_bd_auto_pc_1_fifo_generator_ramfifo__parameterized0 |         28 |         26 |       2 |    0 |   38 |      0 |      0 |          0 |
|                             gntv_or_sync_fifo.gl0.rd                              |                                                     nlc_bd_auto_pc_1_rd_logic_9 |          9 |          9 |       0 |    0 |   20 |      0 |      0 |          0 |
|                               gr1.gr1_int.rfwft                                   |                                                     nlc_bd_auto_pc_1_rd_fwft_13 |          6 |          6 |       0 |    0 |    8 |      0 |      0 |          0 |
|                               grss.rsts                                           |                                          nlc_bd_auto_pc_1_rd_status_flags_ss_14 |          0 |          0 |       0 |    0 |    2 |      0 |      0 |          0 |
|                               rpntr                                               |                                                 nlc_bd_auto_pc_1_rd_bin_cntr_15 |          3 |          3 |       0 |    0 |   10 |      0 |      0 |          0 |
|                             gntv_or_sync_fifo.gl0.wr                              |                                                    nlc_bd_auto_pc_1_wr_logic_10 |         12 |         12 |       0 |    0 |   12 |      0 |      0 |          0 |
|                               gwss.wsts                                           |                                          nlc_bd_auto_pc_1_wr_status_flags_ss_11 |          2 |          2 |       0 |    0 |    2 |      0 |      0 |          0 |
|                               wpntr                                               |                                                 nlc_bd_auto_pc_1_wr_bin_cntr_12 |         11 |         11 |       0 |    0 |   10 |      0 |      0 |          0 |
|                             gntv_or_sync_fifo.mem                                 |                                         nlc_bd_auto_pc_1_memory__parameterized0 |          3 |          1 |       2 |    0 |    2 |      0 |      0 |          0 |
|                               (gntv_or_sync_fifo.mem)                             |                                         nlc_bd_auto_pc_1_memory__parameterized0 |          0 |          0 |       0 |    0 |    1 |      0 |      0 |          0 |
|                               gdm.dm_gen.dm                                       |                                           nlc_bd_auto_pc_1_dmem__parameterized0 |          3 |          1 |       2 |    0 |    1 |      0 |      0 |          0 |
|                             rstblk                                                |                                              nlc_bd_auto_pc_1_reset_blk_ramfifo |          4 |          4 |       0 |    0 |    4 |      0 |      0 |          0 |
|                               (rstblk)                                            |                                              nlc_bd_auto_pc_1_reset_blk_ramfifo |          4 |          4 |       0 |    0 |    2 |      0 |      0 |          0 |
|                               ngwrdrst.grst.g7serrst.gnsckt_wrst.rst_wr_reg2_inst |                                              nlc_bd_auto_pc_1_xpm_cdc_async_rst |          0 |          0 |       0 |    0 |    2 |      0 |      0 |          0 |
|               USE_WRITE.USE_SPLIT_W.write_resp_inst                               |                     nlc_bd_auto_pc_1_axi_protocol_converter_v2_1_31_b_downsizer |          9 |          9 |       0 |    0 |    7 |      0 |      0 |          0 |
|               USE_WRITE.write_addr_inst                                           |                     nlc_bd_auto_pc_1_axi_protocol_converter_v2_1_31_a_axi3_conv |        180 |        172 |       8 |    0 |  217 |      0 |      0 |          0 |
|                 (USE_WRITE.write_addr_inst)                                       |                     nlc_bd_auto_pc_1_axi_protocol_converter_v2_1_31_a_axi3_conv |         85 |         85 |       0 |    0 |  125 |      0 |      0 |          0 |
|                 USE_BURSTS.cmd_queue                                              |                     nlc_bd_auto_pc_1_axi_data_fifo_v2_1_30_axic_fifo__xdcDup__1 |         50 |         46 |       4 |    0 |   46 |      0 |      0 |          0 |
|                   inst                                                            |                      nlc_bd_auto_pc_1_axi_data_fifo_v2_1_30_fifo_gen__xdcDup__1 |         50 |         46 |       4 |    0 |   46 |      0 |      0 |          0 |
|                     (inst)                                                        |                      nlc_bd_auto_pc_1_axi_data_fifo_v2_1_30_fifo_gen__xdcDup__1 |         21 |         21 |       0 |    0 |    0 |      0 |      0 |          0 |
|                     fifo_gen_inst                                                 |                             nlc_bd_auto_pc_1_fifo_generator_v13_2_10__xdcDup__1 |         29 |         25 |       4 |    0 |   46 |      0 |      0 |          0 |
|                       inst_fifo_gen                                               |                       nlc_bd_auto_pc_1_fifo_generator_v13_2_10_synth__xdcDup__1 |         29 |         25 |       4 |    0 |   46 |      0 |      0 |          0 |
|                         gconvfifo.rf                                              |                                  nlc_bd_auto_pc_1_fifo_generator_top__xdcDup__1 |         29 |         25 |       4 |    0 |   46 |      0 |      0 |          0 |
|                           grf.rf                                                  |                              nlc_bd_auto_pc_1_fifo_generator_ramfifo__xdcDup__1 |         29 |         25 |       4 |    0 |   46 |      0 |      0 |          0 |
|                             gntv_or_sync_fifo.gl0.rd                              |                                                     nlc_bd_auto_pc_1_rd_logic_0 |          8 |          8 |       0 |    0 |   20 |      0 |      0 |          0 |
|                               gr1.gr1_int.rfwft                                   |                                                      nlc_bd_auto_pc_1_rd_fwft_6 |          5 |          5 |       0 |    0 |    8 |      0 |      0 |          0 |
|                               grss.rsts                                           |                                           nlc_bd_auto_pc_1_rd_status_flags_ss_7 |          0 |          0 |       0 |    0 |    2 |      0 |      0 |          0 |
|                               rpntr                                               |                                                  nlc_bd_auto_pc_1_rd_bin_cntr_8 |          3 |          3 |       0 |    0 |   10 |      0 |      0 |          0 |
|                             gntv_or_sync_fifo.gl0.wr                              |                                                     nlc_bd_auto_pc_1_wr_logic_1 |         12 |         12 |       0 |    0 |   12 |      0 |      0 |          0 |
|                               gwss.wsts                                           |                                           nlc_bd_auto_pc_1_wr_status_flags_ss_4 |          2 |          2 |       0 |    0 |    2 |      0 |      0 |          0 |
|                               wpntr                                               |                                                  nlc_bd_auto_pc_1_wr_bin_cntr_5 |         11 |         11 |       0 |    0 |   10 |      0 |      0 |          0 |
|                             gntv_or_sync_fifo.mem                                 |                                                       nlc_bd_auto_pc_1_memory_2 |          4 |          0 |       4 |    0 |   10 |      0 |      0 |          0 |
|                               (gntv_or_sync_fifo.mem)                             |                                                       nlc_bd_auto_pc_1_memory_2 |          0 |          0 |       0 |    0 |    5 |      0 |      0 |          0 |
|                               gdm.dm_gen.dm                                       |                                                         nlc_bd_auto_pc_1_dmem_3 |          4 |          0 |       4 |    0 |    5 |      0 |      0 |          0 |
|                             rstblk                                                |                                   nlc_bd_auto_pc_1_reset_blk_ramfifo__xdcDup__1 |          5 |          5 |       0 |    0 |    4 |      0 |      0 |          0 |
|                               (rstblk)                                            |                                   nlc_bd_auto_pc_1_reset_blk_ramfifo__xdcDup__1 |          5 |          5 |       0 |    0 |    2 |      0 |      0 |          0 |
|                               ngwrdrst.grst.g7serrst.gnsckt_wrst.rst_wr_reg2_inst |                                           nlc_bd_auto_pc_1_xpm_cdc_async_rst__3 |          0 |          0 |       0 |    0 |    2 |      0 |      0 |          0 |
|                 USE_B_CHANNEL.cmd_b_queue                                         |                                nlc_bd_auto_pc_1_axi_data_fifo_v2_1_30_axic_fifo |         46 |         42 |       4 |    0 |   46 |      0 |      0 |          0 |
|                   inst                                                            |                                 nlc_bd_auto_pc_1_axi_data_fifo_v2_1_30_fifo_gen |         46 |         42 |       4 |    0 |   46 |      0 |      0 |          0 |
|                     (inst)                                                        |                                 nlc_bd_auto_pc_1_axi_data_fifo_v2_1_30_fifo_gen |         16 |         16 |       0 |    0 |    0 |      0 |      0 |          0 |
|                     fifo_gen_inst                                                 |                                        nlc_bd_auto_pc_1_fifo_generator_v13_2_10 |         30 |         26 |       4 |    0 |   46 |      0 |      0 |          0 |
|                       inst_fifo_gen                                               |                                  nlc_bd_auto_pc_1_fifo_generator_v13_2_10_synth |         30 |         26 |       4 |    0 |   46 |      0 |      0 |          0 |
|                         gconvfifo.rf                                              |                                             nlc_bd_auto_pc_1_fifo_generator_top |         30 |         26 |       4 |    0 |   46 |      0 |      0 |          0 |
|                           grf.rf                                                  |                                         nlc_bd_auto_pc_1_fifo_generator_ramfifo |         30 |         26 |       4 |    0 |   46 |      0 |      0 |          0 |
|                             gntv_or_sync_fifo.gl0.rd                              |                                                       nlc_bd_auto_pc_1_rd_logic |          9 |          9 |       0 |    0 |   20 |      0 |      0 |          0 |
|                               gr1.gr1_int.rfwft                                   |                                                        nlc_bd_auto_pc_1_rd_fwft |          6 |          6 |       0 |    0 |    8 |      0 |      0 |          0 |
|                               grss.rsts                                           |                                             nlc_bd_auto_pc_1_rd_status_flags_ss |          0 |          0 |       0 |    0 |    2 |      0 |      0 |          0 |
|                               rpntr                                               |                                                    nlc_bd_auto_pc_1_rd_bin_cntr |          3 |          3 |       0 |    0 |   10 |      0 |      0 |          0 |
|                             gntv_or_sync_fifo.gl0.wr                              |                                                       nlc_bd_auto_pc_1_wr_logic |         12 |         12 |       0 |    0 |   12 |      0 |      0 |          0 |
|                               gwss.wsts                                           |                                             nlc_bd_auto_pc_1_wr_status_flags_ss |          2 |          2 |       0 |    0 |    2 |      0 |      0 |          0 |
|                               wpntr                                               |                                                    nlc_bd_auto_pc_1_wr_bin_cntr |         11 |         11 |       0 |    0 |   10 |      0 |      0 |          0 |
|                             gntv_or_sync_fifo.mem                                 |                                                         nlc_bd_auto_pc_1_memory |          4 |          0 |       4 |    0 |   10 |      0 |      0 |          0 |
|                               (gntv_or_sync_fifo.mem)                             |                                                         nlc_bd_auto_pc_1_memory |          0 |          0 |       0 |    0 |    5 |      0 |      0 |          0 |
|                               gdm.dm_gen.dm                                       |                                                           nlc_bd_auto_pc_1_dmem |          4 |          0 |       4 |    0 |    5 |      0 |      0 |          0 |
|                             rstblk                                                |                                   nlc_bd_auto_pc_1_reset_blk_ramfifo__xdcDup__2 |          5 |          5 |       0 |    0 |    4 |      0 |      0 |          0 |
|                               (rstblk)                                            |                                   nlc_bd_auto_pc_1_reset_blk_ramfifo__xdcDup__2 |          5 |          5 |       0 |    0 |    2 |      0 |      0 |          0 |
|                               ngwrdrst.grst.g7serrst.gnsckt_wrst.rst_wr_reg2_inst |                                           nlc_bd_auto_pc_1_xpm_cdc_async_rst__4 |          0 |          0 |       0 |    0 |    2 |      0 |      0 |          0 |
|               USE_WRITE.write_data_inst                                           |                     nlc_bd_auto_pc_1_axi_protocol_converter_v2_1_31_w_axi3_conv |         15 |         15 |       0 |    0 |    9 |      0 |      0 |          0 |
|       s00_couplers                                                                |                                                        s00_couplers_imp_16PGM7N |        158 |        137 |       0 |   21 |  228 |      0 |      0 |          0 |
|         auto_us                                                                   |                                                                nlc_bd_auto_us_0 |        158 |        137 |       0 |   21 |  228 |      0 |      0 |          0 |
|           inst                                                                    |                               nlc_bd_auto_us_0_axi_dwidth_converter_v2_1_31_top |        158 |        137 |       0 |   21 |  228 |      0 |      0 |          0 |
|             gen_upsizer.gen_full_upsizer.axi_upsizer_inst                         |                       nlc_bd_auto_us_0_axi_dwidth_converter_v2_1_31_axi_upsizer |        158 |        137 |       0 |   21 |  228 |      0 |      0 |          0 |
|               USE_READ.gen_non_fifo_r_upsizer.mi_register_slice_inst              |                  nlc_bd_auto_us_0_axi_register_slice_v2_1_31_axi_register_slice |         36 |         36 |       0 |    0 |  136 |      0 |      0 |          0 |
|                 r.r_pipe                                                          | nlc_bd_auto_us_0_axi_register_slice_v2_1_31_axic_register_slice__parameterized2 |         36 |         36 |       0 |    0 |  136 |      0 |      0 |          0 |
|               USE_READ.gen_non_fifo_r_upsizer.read_data_inst                      |                         nlc_bd_auto_us_0_axi_dwidth_converter_v2_1_31_r_upsizer |         54 |         54 |       0 |    0 |   18 |      0 |      0 |          0 |
|               USE_READ.read_addr_inst                                             |                         nlc_bd_auto_us_0_axi_dwidth_converter_v2_1_31_a_upsizer |         48 |         27 |       0 |   21 |   30 |      0 |      0 |          0 |
|                 (USE_READ.read_addr_inst)                                         |                         nlc_bd_auto_us_0_axi_dwidth_converter_v2_1_31_a_upsizer |          0 |          0 |       0 |    0 |    1 |      0 |      0 |          0 |
|                 GEN_CMD_QUEUE.cmd_queue                                           |                         nlc_bd_auto_us_0_generic_baseblocks_v2_1_2_command_fifo |         48 |         27 |       0 |   21 |   29 |      0 |      0 |          0 |
|               si_register_slice_inst                                              |  nlc_bd_auto_us_0_axi_register_slice_v2_1_31_axi_register_slice__parameterized0 |         24 |         24 |       0 |    0 |   44 |      0 |      0 |          0 |
|                 ar.ar_pipe                                                        |                 nlc_bd_auto_us_0_axi_register_slice_v2_1_31_axic_register_slice |         24 |         24 |       0 |    0 |   44 |      0 |      0 |          0 |
|       s01_couplers                                                                |                                                         s01_couplers_imp_FEIXNM |        181 |        159 |       0 |   22 |  166 |      0 |      0 |          0 |
|         auto_us                                                                   |                                                                nlc_bd_auto_us_1 |        181 |        159 |       0 |   22 |  166 |      0 |      0 |          0 |
|           inst                                                                    |                               nlc_bd_auto_us_1_axi_dwidth_converter_v2_1_31_top |        181 |        159 |       0 |   22 |  166 |      0 |      0 |          0 |
|             gen_upsizer.gen_full_upsizer.axi_upsizer_inst                         |                       nlc_bd_auto_us_1_axi_dwidth_converter_v2_1_31_axi_upsizer |        181 |        159 |       0 |   22 |  166 |      0 |      0 |          0 |
|               USE_WRITE.gen_non_fifo_w_upsizer.write_data_inst                    |                         nlc_bd_auto_us_1_axi_dwidth_converter_v2_1_31_w_upsizer |         99 |         99 |       0 |    0 |   90 |      0 |      0 |          0 |
|               USE_WRITE.write_addr_inst                                           |                         nlc_bd_auto_us_1_axi_dwidth_converter_v2_1_31_a_upsizer |         56 |         34 |       0 |   22 |   31 |      0 |      0 |          0 |
|                 (USE_WRITE.write_addr_inst)                                       |                         nlc_bd_auto_us_1_axi_dwidth_converter_v2_1_31_a_upsizer |          0 |          0 |       0 |    0 |    1 |      0 |      0 |          0 |
|                 GEN_CMD_QUEUE.cmd_queue                                           |                         nlc_bd_auto_us_1_generic_baseblocks_v2_1_2_command_fifo |         56 |         34 |       0 |   22 |   30 |      0 |      0 |          0 |
|               si_register_slice_inst                                              |                  nlc_bd_auto_us_1_axi_register_slice_v2_1_31_axi_register_slice |         29 |         29 |       0 |    0 |   45 |      0 |      0 |          0 |
|                 aw.aw_pipe                                                        |                 nlc_bd_auto_us_1_axi_register_slice_v2_1_31_axic_register_slice |         29 |         29 |       0 |    0 |   45 |      0 |      0 |          0 |
|       xbar                                                                        |                                                                   nlc_bd_xbar_0 |        281 |        278 |       0 |    3 |  324 |      0 |      0 |          0 |
|         inst                                                                      |                                 nlc_bd_xbar_0_axi_crossbar_v2_1_32_axi_crossbar |        281 |        278 |       0 |    3 |  324 |      0 |      0 |          0 |
|           gen_samd.crossbar_samd                                                  |                                     nlc_bd_xbar_0_axi_crossbar_v2_1_32_crossbar |        281 |        278 |       0 |    3 |  324 |      0 |      0 |          0 |
|             (gen_samd.crossbar_samd)                                              |                                     nlc_bd_xbar_0_axi_crossbar_v2_1_32_crossbar |          2 |          2 |       0 |    0 |   11 |      0 |      0 |          0 |
|             addr_arbiter_ar                                                       |                                 nlc_bd_xbar_0_axi_crossbar_v2_1_32_addr_arbiter |         20 |         20 |       0 |    0 |   51 |      0 |      0 |          0 |
|             addr_arbiter_aw                                                       |                               nlc_bd_xbar_0_axi_crossbar_v2_1_32_addr_arbiter_0 |         44 |         44 |       0 |    0 |   53 |      0 |      0 |          0 |
|             gen_decerr_slave.decerr_slave_inst                                    |                                 nlc_bd_xbar_0_axi_crossbar_v2_1_32_decerr_slave |         24 |         24 |       0 |    0 |   18 |      0 |      0 |          0 |
|             gen_master_slots[0].gen_mi_write.wdata_mux_w                          |                                    nlc_bd_xbar_0_axi_crossbar_v2_1_32_wdata_mux |         48 |         47 |       0 |    1 |    8 |      0 |      0 |          0 |
|               gen_wmux.wmux_aw_fifo                                               |           nlc_bd_xbar_0_axi_data_fifo_v2_1_30_axic_reg_srl_fifo__parameterized0 |         48 |         47 |       0 |    1 |    8 |      0 |      0 |          0 |
|                 (gen_wmux.wmux_aw_fifo)                                           |           nlc_bd_xbar_0_axi_data_fifo_v2_1_30_axic_reg_srl_fifo__parameterized0 |         45 |         45 |       0 |    0 |    8 |      0 |      0 |          0 |
|                 gen_srls[0].gen_rep[0].srl_nx1                                    |                 nlc_bd_xbar_0_axi_data_fifo_v2_1_30_ndeep_srl__parameterized0_5 |          3 |          2 |       0 |    1 |    0 |      0 |      0 |          0 |
|             gen_master_slots[0].reg_slice_mi                                      |                     nlc_bd_xbar_0_axi_register_slice_v2_1_31_axi_register_slice |         62 |         62 |       0 |    0 |  143 |      0 |      0 |          0 |
|               b.b_pipe                                                            |  nlc_bd_xbar_0_axi_register_slice_v2_1_31_axic_register_slice__parameterized1_3 |          9 |          9 |       0 |    0 |    7 |      0 |      0 |          0 |
|               r.r_pipe                                                            |  nlc_bd_xbar_0_axi_register_slice_v2_1_31_axic_register_slice__parameterized2_4 |         53 |         53 |       0 |    0 |  136 |      0 |      0 |          0 |
|             gen_master_slots[1].gen_mi_write.wdata_mux_w                          |                    nlc_bd_xbar_0_axi_crossbar_v2_1_32_wdata_mux__parameterized0 |         13 |         12 |       0 |    1 |    7 |      0 |      0 |          0 |
|               gen_wmux.wmux_aw_fifo                                               |           nlc_bd_xbar_0_axi_data_fifo_v2_1_30_axic_reg_srl_fifo__parameterized1 |         13 |         12 |       0 |    1 |    7 |      0 |      0 |          0 |
|                 (gen_wmux.wmux_aw_fifo)                                           |           nlc_bd_xbar_0_axi_data_fifo_v2_1_30_axic_reg_srl_fifo__parameterized1 |         10 |         10 |       0 |    0 |    7 |      0 |      0 |          0 |
|                 gen_srls[0].gen_rep[0].srl_nx1                                    |                   nlc_bd_xbar_0_axi_data_fifo_v2_1_30_ndeep_srl__parameterized1 |          3 |          2 |       0 |    1 |    0 |      0 |      0 |          0 |
|             gen_master_slots[1].reg_slice_mi                                      |                   nlc_bd_xbar_0_axi_register_slice_v2_1_31_axi_register_slice_1 |          9 |          9 |       0 |    0 |    7 |      0 |      0 |          0 |
|               b.b_pipe                                                            |    nlc_bd_xbar_0_axi_register_slice_v2_1_31_axic_register_slice__parameterized1 |          4 |          4 |       0 |    0 |    3 |      0 |      0 |          0 |
|               r.r_pipe                                                            |    nlc_bd_xbar_0_axi_register_slice_v2_1_31_axic_register_slice__parameterized2 |          5 |          5 |       0 |    0 |    4 |      0 |      0 |          0 |
|             gen_slave_slots[0].gen_si_read.si_transactor_ar                       |                                nlc_bd_xbar_0_axi_crossbar_v2_1_32_si_transactor |         26 |         26 |       0 |    0 |    6 |      0 |      0 |          0 |
|             gen_slave_slots[1].gen_si_write.si_transactor_aw                      |                nlc_bd_xbar_0_axi_crossbar_v2_1_32_si_transactor__parameterized0 |          7 |          7 |       0 |    0 |    6 |      0 |      0 |          0 |
|             gen_slave_slots[1].gen_si_write.splitter_aw_si                        |                                     nlc_bd_xbar_0_axi_crossbar_v2_1_32_splitter |          6 |          6 |       0 |    0 |    2 |      0 |      0 |          0 |
|             gen_slave_slots[1].gen_si_write.wdata_router_w                        |                                 nlc_bd_xbar_0_axi_crossbar_v2_1_32_wdata_router |         18 |         17 |       0 |    1 |   10 |      0 |      0 |          0 |
|               wrouter_aw_fifo                                                     |                           nlc_bd_xbar_0_axi_data_fifo_v2_1_30_axic_reg_srl_fifo |         18 |         17 |       0 |    1 |   10 |      0 |      0 |          0 |
|                 (wrouter_aw_fifo)                                                 |                           nlc_bd_xbar_0_axi_data_fifo_v2_1_30_axic_reg_srl_fifo |         14 |         14 |       0 |    0 |   10 |      0 |      0 |          0 |
|                 gen_srls[0].gen_rep[0].srl_nx1                                    |                   nlc_bd_xbar_0_axi_data_fifo_v2_1_30_ndeep_srl__parameterized0 |          4 |          3 |       0 |    1 |    0 |      0 |      0 |          0 |
|             splitter_aw_mi                                                        |                                   nlc_bd_xbar_0_axi_crossbar_v2_1_32_splitter_2 |          2 |          2 |       0 |    0 |    2 |      0 |      0 |          0 |
|     nlc_0                                                                         |                                                                  nlc_bd_nlc_0_0 |        106 |        106 |       0 |    0 |  108 |      0 |      0 |          0 |
|       inst                                                                        |                                                nlc_bd_nlc_0_0_nlc_axis_top_wrap |        106 |        106 |       0 |    0 |  108 |      0 |      0 |          0 |
|         u_nlc                                                                     |                                                     nlc_bd_nlc_0_0_nlc_axis_top |        106 |        106 |       0 |    0 |  108 |      0 |      0 |          0 |
|           (u_nlc)                                                                 |                                                     nlc_bd_nlc_0_0_nlc_axis_top |          1 |          1 |       0 |    0 |   36 |      0 |      0 |          0 |
|           u_fsm                                                                   |                                                   nlc_bd_nlc_0_0_fsm_controller |          6 |          6 |       0 |    0 |    5 |      0 |      0 |          0 |
|           u_win                                                                   |                                                nlc_bd_nlc_0_0_event_rate_window |         99 |         99 |       0 |    0 |   67 |      0 |      0 |          0 |
|     ps7                                                                           |                                                                    nlc_bd_ps7_0 |          0 |          0 |       0 |    0 |    0 |      0 |      0 |          0 |
|       inst                                                                        |                         nlc_bd_ps7_0_processing_system7_v5_5_processing_system7 |          0 |          0 |       0 |    0 |    0 |      0 |      0 |          0 |
|     ps7_axi_periph                                                                |                                                         nlc_bd_ps7_axi_periph_0 |        372 |        313 |       0 |   59 |  446 |      0 |      0 |          0 |
|       s00_couplers                                                                |                                                        s00_couplers_imp_1SLYSW5 |        372 |        313 |       0 |   59 |  446 |      0 |      0 |          0 |
|         auto_pc                                                                   |                                                                nlc_bd_auto_pc_0 |        372 |        313 |       0 |   59 |  446 |      0 |      0 |          0 |
|           inst                                                                    |          nlc_bd_auto_pc_0_axi_protocol_converter_v2_1_31_axi_protocol_converter |        372 |        313 |       0 |   59 |  446 |      0 |      0 |          0 |
|             gen_axilite.gen_b2s_conv.axilite_b2s                                  |                             nlc_bd_auto_pc_0_axi_protocol_converter_v2_1_31_b2s |        372 |        313 |       0 |   59 |  446 |      0 |      0 |          0 |
|               (gen_axilite.gen_b2s_conv.axilite_b2s)                              |                             nlc_bd_auto_pc_0_axi_protocol_converter_v2_1_31_b2s |          1 |          1 |       0 |    0 |    1 |      0 |      0 |          0 |
|               RD.ar_channel_0                                                     |                  nlc_bd_auto_pc_0_axi_protocol_converter_v2_1_31_b2s_ar_channel |         68 |         68 |       0 |    0 |   82 |      0 |      0 |          0 |
|                 (RD.ar_channel_0)                                                 |                  nlc_bd_auto_pc_0_axi_protocol_converter_v2_1_31_b2s_ar_channel |          0 |          0 |       0 |    0 |   12 |      0 |      0 |          0 |
|                 ar_cmd_fsm_0                                                      |                  nlc_bd_auto_pc_0_axi_protocol_converter_v2_1_31_b2s_rd_cmd_fsm |         36 |         36 |       0 |    0 |    2 |      0 |      0 |          0 |
|                 cmd_translator_0                                                  |            nlc_bd_auto_pc_0_axi_protocol_converter_v2_1_31_b2s_cmd_translator_1 |         32 |         32 |       0 |    0 |   68 |      0 |      0 |          0 |
|                   (cmd_translator_0)                                              |            nlc_bd_auto_pc_0_axi_protocol_converter_v2_1_31_b2s_cmd_translator_1 |          1 |          1 |       0 |    0 |    3 |      0 |      0 |          0 |
|                   incr_cmd_0                                                      |                  nlc_bd_auto_pc_0_axi_protocol_converter_v2_1_31_b2s_incr_cmd_2 |         21 |         21 |       0 |    0 |   22 |      0 |      0 |          0 |
|                   wrap_cmd_0                                                      |                  nlc_bd_auto_pc_0_axi_protocol_converter_v2_1_31_b2s_wrap_cmd_3 |         10 |         10 |       0 |    0 |   43 |      0 |      0 |          0 |
|               RD.r_channel_0                                                      |                   nlc_bd_auto_pc_0_axi_protocol_converter_v2_1_31_b2s_r_channel |         59 |         14 |       0 |   45 |   24 |      0 |      0 |          0 |
|                 (RD.r_channel_0)                                                  |                   nlc_bd_auto_pc_0_axi_protocol_converter_v2_1_31_b2s_r_channel |          0 |          0 |       0 |    0 |   14 |      0 |      0 |          0 |
|                 rd_data_fifo_0                                                    | nlc_bd_auto_pc_0_axi_protocol_converter_v2_1_31_b2s_simple_fifo__parameterized1 |         41 |          9 |       0 |   32 |    5 |      0 |      0 |          0 |
|                 transaction_fifo_0                                                | nlc_bd_auto_pc_0_axi_protocol_converter_v2_1_31_b2s_simple_fifo__parameterized2 |         19 |          6 |       0 |   13 |    5 |      0 |      0 |          0 |
|               SI_REG                                                              |                  nlc_bd_auto_pc_0_axi_register_slice_v2_1_31_axi_register_slice |        142 |        142 |       0 |    0 |  248 |      0 |      0 |          0 |
|                 ar.ar_pipe                                                        |                 nlc_bd_auto_pc_0_axi_register_slice_v2_1_31_axic_register_slice |         53 |         53 |       0 |    0 |   66 |      0 |      0 |          0 |
|                 aw.aw_pipe                                                        |               nlc_bd_auto_pc_0_axi_register_slice_v2_1_31_axic_register_slice_0 |         52 |         52 |       0 |    0 |   60 |      0 |      0 |          0 |
|                 b.b_pipe                                                          | nlc_bd_auto_pc_0_axi_register_slice_v2_1_31_axic_register_slice__parameterized1 |         10 |         10 |       0 |    0 |   30 |      0 |      0 |          0 |
|                 r.r_pipe                                                          | nlc_bd_auto_pc_0_axi_register_slice_v2_1_31_axic_register_slice__parameterized2 |         27 |         27 |       0 |    0 |   92 |      0 |      0 |          0 |
|               WR.aw_channel_0                                                     |                  nlc_bd_auto_pc_0_axi_protocol_converter_v2_1_31_b2s_aw_channel |         71 |         71 |       0 |    0 |   74 |      0 |      0 |          0 |
|                 (WR.aw_channel_0)                                                 |                  nlc_bd_auto_pc_0_axi_protocol_converter_v2_1_31_b2s_aw_channel |          0 |          0 |       0 |    0 |   16 |      0 |      0 |          0 |
|                 aw_cmd_fsm_0                                                      |                  nlc_bd_auto_pc_0_axi_protocol_converter_v2_1_31_b2s_wr_cmd_fsm |         40 |         40 |       0 |    0 |    2 |      0 |      0 |          0 |
|                 cmd_translator_0                                                  |              nlc_bd_auto_pc_0_axi_protocol_converter_v2_1_31_b2s_cmd_translator |         31 |         31 |       0 |    0 |   56 |      0 |      0 |          0 |
|                   (cmd_translator_0)                                              |              nlc_bd_auto_pc_0_axi_protocol_converter_v2_1_31_b2s_cmd_translator |          1 |          1 |       0 |    0 |    3 |      0 |      0 |          0 |
|                   incr_cmd_0                                                      |                    nlc_bd_auto_pc_0_axi_protocol_converter_v2_1_31_b2s_incr_cmd |         20 |         20 |       0 |    0 |   18 |      0 |      0 |          0 |
|                   wrap_cmd_0                                                      |                    nlc_bd_auto_pc_0_axi_protocol_converter_v2_1_31_b2s_wrap_cmd |         10 |         10 |       0 |    0 |   35 |      0 |      0 |          0 |
|               WR.b_channel_0                                                      |                   nlc_bd_auto_pc_0_axi_protocol_converter_v2_1_31_b2s_b_channel |         35 |         21 |       0 |   14 |   17 |      0 |      0 |          0 |
|                 (WR.b_channel_0)                                                  |                   nlc_bd_auto_pc_0_axi_protocol_converter_v2_1_31_b2s_b_channel |          8 |          8 |       0 |    0 |   13 |      0 |      0 |          0 |
|                 bid_fifo_0                                                        |                 nlc_bd_auto_pc_0_axi_protocol_converter_v2_1_31_b2s_simple_fifo |         21 |          9 |       0 |   12 |    2 |      0 |      0 |          0 |
|                 bresp_fifo_0                                                      | nlc_bd_auto_pc_0_axi_protocol_converter_v2_1_31_b2s_simple_fifo__parameterized0 |          6 |          4 |       0 |    2 |    2 |      0 |      0 |          0 |
|     rst_ps7_100M                                                                  |                                                           nlc_bd_rst_ps7_100M_0 |         17 |         16 |       0 |    1 |   33 |      0 |      0 |          0 |
|       U0                                                                          |                                            nlc_bd_rst_ps7_100M_0_proc_sys_reset |         17 |         16 |       0 |    1 |   33 |      0 |      0 |          0 |
|         (U0)                                                                      |                                            nlc_bd_rst_ps7_100M_0_proc_sys_reset |          0 |          0 |       0 |    0 |    1 |      0 |      0 |          0 |
|         EXT_LPF                                                                   |                                                       nlc_bd_rst_ps7_100M_0_lpf |          5 |          4 |       0 |    1 |   17 |      0 |      0 |          0 |
|           (EXT_LPF)                                                               |                                                       nlc_bd_rst_ps7_100M_0_lpf |          2 |          1 |       0 |    1 |    9 |      0 |      0 |          0 |
|           ACTIVE_LOW_AUX.ACT_LO_AUX                                               |                                                  nlc_bd_rst_ps7_100M_0_cdc_sync |          1 |          1 |       0 |    0 |    4 |      0 |      0 |          0 |
|           ACTIVE_LOW_EXT.ACT_LO_EXT                                               |                                                nlc_bd_rst_ps7_100M_0_cdc_sync_0 |          2 |          2 |       0 |    0 |    4 |      0 |      0 |          0 |
|         SEQ                                                                       |                                              nlc_bd_rst_ps7_100M_0_sequence_psr |         12 |         12 |       0 |    0 |   15 |      0 |      0 |          0 |
|           (SEQ)                                                                   |                                              nlc_bd_rst_ps7_100M_0_sequence_psr |          7 |          7 |       0 |    0 |    9 |      0 |      0 |          0 |
|           SEQ_COUNTER                                                             |                                                   nlc_bd_rst_ps7_100M_0_upcnt_n |          5 |          5 |       0 |    0 |    6 |      0 |      0 |          0 |
+-----------------------------------------------------------------------------------+---------------------------------------------------------------------------------+------------+------------+---------+------+------+--------+--------+------------+
* Note: The sum of lower-level cells may be larger than their parent cells total, due to cross-hierarchy LUT combining


